下载 33 只样本 × 东财全持仓 + akshare 前十大兜底
  [ 1/33] 001438 + 1015 条（累计 1015）
  [ 2/33] 008988 + 1190 条（累计 2205）
  [ 3/33] 005844 +  608 条（累计 2813）
  [ 4/33] 001437 + 1014 条（累计 3827）
  [ 5/33] 005825 + 1195 条（累计 5022）
  [ 6/33] 001753 +  905 条（累计 5927）
  [ 7/33] 519770 + 1137 条（累计 7064）
  [ 8/33] 001170 +  981 条（累计 8045）
  [ 9/33] 005550 + 1058 条（累计 9103）
  [10/33] 001075 + 1257 条（累计 10360）
  [11/33] 001198 +  414 条（累计 10774）
  [12/33] 001194 +  982 条（累计 11756）
  [13/33] 004320 +  487 条（累计 12243）
  [14/33] 720001 + 1088 条（累计 13331）
  [15/33] 162201 + 1158 条（累计 14489）
  [16/33] 001480 + 1119 条（累计 15608）
  [17/33] 006502 +  774 条（累计 16382）
  [18/33] 001412 +  832 条（累计 17214）
  [19/33] 006926 + 1100 条（累计 18314）
  [20/33] 008840 +  901 条（累计 19215）
  [21/33] 004634 + 1045 条（累计 20260）
  [22/33] 006235 +  542 条（累计 20802）
  [23/33] 001978 +  780 条（累计 21582）
  [24/33] 350008 +  788 条（累计 22370）
  [25/33] 008050 +  760 条（累计 23130）
  [26/33] 002303 +  448 条（累计 23578）
  [27/33] 004805 +  531 条（累计 24109）
  [28/33] 007084 +  500 条（累计 24609）
  [29/33] 580003 + 1008 条（累计 25617）
  [30/33] 006877 +  695 条（累计 26312）
  [31/33] 006882 +  766 条（累计 27078）
  [32/33] 008234 +  934 条（累计 28012）
  [33/33] 003684 +  597 条（累计 28609）

已落盘 D:\Desktop\基金经理行为分析研究\output\external_holdings_2026-08-30.csv
总记录 28,602 / 33 只 / 30 个报告期
来源分布：
source
ak-top10-2021    5205
ak-top10-2022    4481
ak-top10-2023    4426
ak-top10-2020    4255
ak-top10-2025    3624
ak-top10-2024    3175
ak-top10-2019    2268
ak-top10-2026    1168
