========================================================================
一、描述性统计（1%/99%缩尾，N=9,974）— 表4-2 替换行
========================================================================
  SDI              mean=0.237 sd=0.398 min=0.000 med=0.011 max=1.803 cov=63.8% n=6362
  TO_wind          mean=235.783 sd=182.090 min=26.797 med=188.241 max=1017.244 cov=86.6% n=8642
  TO_two_sided     mean=0.883 sd=0.145 min=0.347 med=0.940 max=1.000 cov=18.0% n=1799
  OCI_two_sided    mean=0.000 sd=0.935 min=-2.415 med=0.295 max=1.584 cov=18.0% n=1799
  AS_improved      mean=0.796 sd=0.116 min=0.499 med=0.811 max=0.957 cov=94.4% n=9419
  ICI              mean=0.262 sd=0.191 min=0.042 med=0.205 max=0.953 cov=94.3% n=9407
  industry_hhi     mean=0.081 sd=0.035 min=0.020 med=0.088 max=0.186 cov=94.3% n=9407
  ARG              mean=0.139 sd=0.148 min=0.009 med=0.093 max=0.856 cov=96.7% n=9648
  return_volatility mean=0.127 sd=0.070 min=0.011 med=0.117 max=0.391 cov=92.0% n=9181
  de               mean=-0.127 sd=0.172 min=-0.610 med=-0.123 max=0.333 cov=46.6% n=4650
  lsv              mean=0.088 sd=0.049 min=-0.033 med=0.085 max=0.239 cov=92.1% n=9187
  risk_asym        mean=0.034 sd=0.078 min=-0.079 med=0.013 max=0.332 cov=72.0% n=7185
  log_aum          mean=1.397 sd=1.878 min=-3.912 med=1.662 max=4.993 cov=99.0% n=9879

========================================================================
M4 [A: TO_wind, 无OCI]  N=2264  基金=348  R2=0.1508
========================================================================
   SDI              β=-0.00029  t=-0.18  p=0.860
   TO_wind          β=+0.00000  t=+1.11  p=0.265
   AS_improved      β=-0.02882  t=-2.84  p=0.005***
   ICI              β=+0.01653  t=+3.38  p=0.001***
   industry_hhi     β=+0.01164  t=+0.27  p=0.787
   ARG              β=+0.01499  t=+2.59  p=0.010***
   return_volatility β=+0.02285  t=+1.11  p=0.266
   de               β=-0.00581  t=-2.55  p=0.011**
   lsv              β=+0.01279  t=+1.03  p=0.301
   risk_asym        β=+0.07517  t=+5.01  p=0.000***
   log_aum          β=+0.00072  t=+1.28  p=0.200
   log_fund_age     β=-0.00428  t=-2.69  p=0.007***

========================================================================
M4 [B: +OCI_two_sided]  N=1041  基金=200  R2=0.2268
========================================================================
   SDI              β=+0.00100  t=+0.75  p=0.451
   TO_wind          β=-0.00000  t=-0.41  p=0.684
   OCI_two_sided    β=-0.00032  t=-0.83  p=0.407
   AS_improved      β=-0.05213  t=-3.45  p=0.001***
   ICI              β=+0.02562  t=+3.65  p=0.000***
   industry_hhi     β=-0.10577  t=-1.67  p=0.095*
   ARG              β=+0.02798  t=+2.24  p=0.025**
   return_volatility β=+0.06089  t=+2.50  p=0.012**
   de               β=-0.00949  t=-3.43  p=0.001***
   lsv              β=+0.01757  t=+1.07  p=0.282
   risk_asym        β=+0.07577  t=+3.75  p=0.000***
   log_aum          β=+0.00204  t=+2.39  p=0.017**
   log_fund_age     β=-0.00429  t=-1.91  p=0.056*

========================================================================
二、VIF（表4-6）— 用真实列
========================================================================
   log_aum          VIF=1.46  1/VIF=0.686
   ARG              VIF=1.24  1/VIF=0.810
   log_fund_age     VIF=1.17  1/VIF=0.857
   ICI              VIF=1.25  1/VIF=0.802
   SDI              VIF=1.02  1/VIF=0.984
   AS_improved      VIF=1.18  1/VIF=0.846
   risk_asym        VIF=1.14  1/VIF=0.876
   de               VIF=1.03  1/VIF=0.976
   lsv              VIF=1.07  1/VIF=0.934
   TO_wind          VIF=1.53  1/VIF=0.652
   OCI_two_sided    VIF=1.03  1/VIF=0.972

[DONE]
