>> [00] 面板骨架：9974 行, 400 只基金
   写出 output/00_面板骨架.csv
>> [01] L1 背景特征：读取骨架 9974 行
   写出 output/L1_背景特征.csv: (9974, 10)
>> [02] L2 持仓偏离：读取骨架 9974 行
   写出 output/L2_持仓偏离.csv: (9974, 9)
>> [03] L3 交易执行：读取骨架 9974 行
   写出 output/L3_交易执行.csv: (9974, 10)
>> [04] L4 风险应对：读取骨架 9974 行
   写出 output/L4_风险应对.csv: (9974, 6)
>> [05] L5 认知偏差：读取骨架 9974 行
   写出 output/L5_认知偏差.csv: (9974, 15)
   写出 output/L6_因变量.csv: (9974, 21)
     quarter_return   非空   9974 (100.0%)  mean=0.0671
     future_return    非空   9574 ( 96.0%)  mean=0.0694
     excess_return    非空   9574 ( 96.0%)  mean=0.0361
     RG               非空   8704 ( 87.3%)  mean=-0.0547
     ff3_adj_return   非空   9792 ( 98.2%)  mean=0.0326
     ff4_adj_return   非空   9738 ( 97.6%)  mean=0.0185
     ff5_adj_return   非空   9698 ( 97.2%)  mean=0.0201
>> [99] 合并面板：骨架 9974 行
   合并 L1_背景特征.csv: (9974, 10)
   合并 L2_持仓偏离.csv: (9974, 15)
   合并 L3_交易执行.csv: (9974, 21)
   合并 L4_风险应对.csv: (9974, 23)
   合并 L5_认知偏差.csv: (9974, 30)
   合并 L6_因变量.csv: (9974, 49)
   写出 output/主分析面板_重建.csv: (9974, 49)

   各指标非空覆盖比例：
     mgr_total_tenure_v2   99.10%
     log_fund_age         100.00%
     AS_improved           94.40%
     ICI                   42.90%
     industry_hhi          42.90%
     ICI_raw               42.90%
     industry_hhi_raw      42.90%
     SDI                   63.80%
     TO_two_sided          18.00%
     OCI_two_sided         18.00%
     ARG                   96.70%
     return_volatility     92.00%
     de                    46.30%
     lsv                   92.10%
     risk_asym             72.00%
============================================================
基金经理行为指标计算流水线 — 顺序执行
Python: C:\Users\26955\.workbuddy\binaries\python\envs\default\Scripts\python.exe
============================================================

[1/8] 运行 00_构建面板骨架.py ...
   ✓ 完成（7.1s）

[2/8] 运行 01_L1_背景特征.py ...
   ✓ 完成（70.2s）

[3/8] 运行 02_L2_持仓偏离.py ...
   ✓ 完成（61.2s）

[4/8] 运行 03_L3_交易执行.py ...
   ✓ 完成（16.3s）

[5/8] 运行 04_L4_风险应对.py ...
   ✓ 完成（38.9s）

[6/8] 运行 05_L5_认知偏差.py ...
   ✓ 完成（44.7s）

[7/8] 运行 06_因变量.py ...
   ✓ 完成（70.7s）

[8/8] 运行 99_合并面板.py ...
   ✓ 完成（8.0s）

============================================================
全部完成。最终面板：output/主分析面板_重建.csv
============================================================
